// Jest Snapshot v1, https://goo.gl/fbAQLP

exports[`<HelloWorld/> should match the snapshot 1`] = `
<div>
  <div
    className="hello-world-message"
  >
    Hello Testing World!
  </div>
  the sum is 32!
</div>
`;
